--
-- trace_load_data.sql
-- Test cases for the trace_load_data function
--
-- Load the trace extension
CREATE EXTENSION IF NOT EXISTS trace;
-- Test 1: Check initial state - tables should be empty
SELECT 'Before loading data' as test_phase;
    test_phase     
---------------------
 Before loading data
(1 row)

SELECT COUNT(*) as point_cloud_count FROM point_cloud;
 point_cloud_count 
-------------------
                 0
(1 row)

SELECT COUNT(*) as mesh_count FROM mesh;
 mesh_count 
------------
          0
(1 row)

-- Test 2: Use test data from extension data directory
-- Test 3: Load data using trace_load_data function
SELECT 'Loading test data' as test_phase;
  test_phase   
-------------------
 Loading test data
(1 row)

SELECT trace_load_data('/home/zyl/zhangteng/postgres/contrib/trace/data', 10, 1.0) as load_result;
 load_result 
-------------
 (2,20,0.2)
(1 row)

-- Test 4: Verify point cloud data was loaded correctly
SELECT 'Verifying point cloud data' as test_phase;
      test_phase       
----------------------------
 Verifying point cloud data
(1 row)

SELECT COUNT(*) as total_vertices FROM point_cloud;
 total_vertices 
----------------
             20
(1 row)

-- Check specific vertex data (first few vertices)
SELECT 
    file_id,
    vertex_id,
    x,
    y,
    z
FROM point_cloud 
WHERE file_id = 0 AND vertex_id <= 5
ORDER BY vertex_id;
 file_id | vertex_id | x | y | z 
---------+-----------+---+---+---
       0 |         1 | 0 | 0 | 0
       0 |         2 | 1 | 0 | 0
       0 |         3 | 2 | 0 | 0
       0 |         4 | 0 | 1 | 0
       0 |         5 | 1 | 1 | 0
(5 rows)

-- Test 5: Verify mesh data was loaded correctly  
SELECT 'Verifying mesh data' as test_phase;
    test_phase    
---------------------
 Verifying mesh data
(1 row)

SELECT COUNT(*) as total_faces FROM mesh;
 total_faces 
-------------
          20
(1 row)

-- Check specific face data (first few faces)
SELECT 
    file_id,
    face_id,
    vertex_count,
    vertex_indices
FROM mesh 
WHERE file_id = 0 AND face_id <= 5
ORDER BY face_id;
 file_id | face_id | vertex_count | vertex_indices 
---------+---------+--------------+----------------
       0 |       1 |            3 | {1,2,4}
       0 |       2 |            3 | {2,3,5}
       0 |       3 |            3 | {3,6,5}
       0 |       4 |            3 | {4,5,6}
       0 |       5 |            3 | {1,4,7}
(5 rows)

-- Test 6: Verify data integrity constraints
SELECT 'Verifying data constraints' as test_phase;
      test_phase       
----------------------------
 Verifying data constraints
(1 row)

-- Check coordinate statistics
SELECT 
    'Coordinate statistics' as info,
    COUNT(*) as total_vertices,
    MIN(x) as min_x, MAX(x) as max_x,
    MIN(y) as min_y, MAX(y) as max_y,
    MIN(z) as min_z, MAX(z) as max_z
FROM point_cloud;
        info         | total_vertices | min_x | max_x | min_y | max_y | min_z | max_z 
---------------------+----------------+-------+-------+-------+-------+-------+-------
 Coordinate statistics |             20 |     0 |     7 |     0 |     6 |     0 |     6
(1 row)

-- Check that vertex indices in mesh data are valid (should reference existing vertices)
WITH max_vertex AS (
    SELECT file_id, MAX(vertex_id) as max_vertex_id 
    FROM point_cloud 
    GROUP BY file_id
)
SELECT 
    'Invalid vertex references' as issue,
    COUNT(*) as count
FROM mesh m, max_vertex mv
WHERE m.file_id = mv.file_id
AND EXISTS (
    SELECT 1 FROM unnest(m.vertex_indices) as vi 
    WHERE vi > mv.max_vertex_id OR vi < 1
);
           issue           | count 
---------------------------+-------
 Invalid vertex references |     0
(1 row)

-- Test 7: Test edge cases - load with different parameters
SELECT 'Testing with limited file count' as test_phase;
       test_phase        
---------------------------------
 Testing with limited file count
(1 row)

-- Clear previous data first (if function supports it)
-- SELECT trace_clear_data();
-- Load with max_file_num = 1
SELECT trace_load_data('/home/zyl/zhangteng/postgres/contrib/trace/data', 1, 1.0) as load_result_limited;
 load_result_limited 
---------------------
 (1,10,0.1)
(1 row)

-- Test 8: Test with sampling ratio
SELECT 'Testing with sampling ratio' as test_phase;
      test_phase       
-----------------------------
 Testing with sampling ratio
(1 row)

SELECT trace_load_data('/home/zyl/zhangteng/postgres/contrib/trace/data', 10, 0.5) as load_result_sampled;
 load_result_sampled 
---------------------
 (2,10,0.1)
(1 row)

-- Test 9: Final verification - show summary statistics
SELECT 'Final statistics' as test_phase;
   test_phase    
------------------
 Final statistics
(1 row)

SELECT 
    COUNT(*) as total_point_cloud_records,
    COUNT(DISTINCT file_id) as unique_files_pc
FROM point_cloud;
 total_point_cloud_records | unique_files_pc 
---------------------------+-----------------
                        10 |               1
(1 row)

SELECT 
    COUNT(*) as total_mesh_records,
    COUNT(DISTINCT file_id) as unique_files_mesh,
    AVG(vertex_count) as avg_vertices_per_face
FROM mesh;
 total_mesh_records | unique_files_mesh | avg_vertices_per_face 
--------------------+-------------------+-----------------------
                 10 |                 1 |      3.10000000000000
(1 row)

-- Test completed
SELECT 'trace_load_data tests completed' as final_status;
         final_status          
---------------------------------
 trace_load_data tests completed
(1 row) 