--
-- trace_index.sql
-- 索引构建测试
--
-- directory paths are passed to us in environment variables
\getenv abs_srcdir PG_ABS_SRCDIR
-- 加载trace扩展
CREATE EXTENSION IF NOT EXISTS trace;
-- 测试1: 准备数据
SELECT 'Preparing data for index building' as test_phase;
           test_phase           
--------------------------------
 Preparing data for index building
(1 row)


-- 加载测试数据
\set datadir :abs_srcdir '/data'
SELECT trace_load_data(:'datadir', 3, 1.0) as load_result;
                     load_result                      
------------------------------------------------------
 (3,30,0.001,116.390000,116.400900,39.900000,39.910900,5.000000,15.900000,1000.000000,3009.000000,1002,10.000000,/home/zyl/zhangteng/postgres/contrib/trace/data)
(1 row)

-- 测试2: 索引构建测试
SELECT 'Testing index building' as test_phase;
      test_phase       
-----------------------
 Testing index building
(1 row)

-- 构建索引
SELECT trace_build_index() as index_result;
   index_result    
-------------------
 (0.005,3,15,48)
(1 row)

-- 验证索引构建结果
SELECT 
    (index_result).index_build_time > 0 as has_build_time,
    (index_result).chunk_count as chunk_count,
    (index_result).total_octree_nodes as octree_nodes,
    (index_result).total_kdtree_nodes as kdtree_nodes
FROM (
    SELECT trace_build_index() as index_result
) t;
 has_build_time | chunk_count | octree_nodes | kdtree_nodes 
----------------+-------------+--------------+--------------
 t              |           3 |           15 |           48
(1 row)

-- 测试3: 验证索引表数据
SELECT 'Verifying index table data' as test_phase;
       test_phase        
-------------------------
 Verifying index table data
(1 row)

-- 检查octree叶子表
SELECT COUNT(*) as octree_leaf_count FROM tsdmp_octree_leaf;
 octree_leaf_count 
-------------------
                 3
(1 row)

SELECT dataset_path, COUNT(*) as leaf_count 
FROM tsdmp_octree_leaf 
GROUP BY dataset_path;
                         dataset_path                          | leaf_count 
---------------------------------------------------------------+------------
 /home/zyl/zhangteng/postgres/contrib/trace/data |          3
(1 row)

-- 检查叶内桶表
SELECT COUNT(*) as leaf_bucket_count FROM tsdmp_leaf_bucket;
 leaf_bucket_count 
-------------------
                15
(1 row)

SELECT dataset_path, COUNT(*) as bucket_count 
FROM tsdmp_leaf_bucket 
GROUP BY dataset_path;
                         dataset_path                          | bucket_count 
---------------------------------------------------------------+--------------
 /home/zyl/zhangteng/postgres/contrib/trace/data |           15
(1 row)

-- 检查桶内kd叶表
SELECT COUNT(*) as bucket_kdleaf_count FROM tsdmp_bucket_kdleaf;
 bucket_kdleaf_count 
---------------------
                  48
(1 row)

SELECT dataset_path, COUNT(*) as kdleaf_count 
FROM tsdmp_bucket_kdleaf 
GROUP BY dataset_path;
                         dataset_path                          | kdleaf_count 
---------------------------------------------------------------+--------------
 /home/zyl/zhangteng/postgres/contrib/trace/data |           48
(1 row)

-- 测试4: 索引完整性检查
SELECT 'Testing index integrity' as test_phase;
      test_phase       
-----------------------
 Testing index integrity
(1 row)

-- 检查所有叶子的边界框是否合理
SELECT 
    COUNT(*) as total_leaves,
    COUNT(CASE WHEN minx <= maxx AND miny <= maxy AND minz <= maxz THEN 1 END) as valid_bounds
FROM tsdmp_octree_leaf;
 total_leaves | valid_bounds 
--------------+--------------
            3 |            3
(1 row)

-- 检查桶的层级结构
SELECT 
    level, 
    COUNT(*) as bucket_count,
    MIN(count) as min_points,
    MAX(count) as max_points,
    AVG(count) as avg_points
FROM tsdmp_leaf_bucket
GROUP BY level
ORDER BY level;
 level | bucket_count | min_points | max_points |      avg_points      
-------+--------------+------------+------------+----------------------
     0 |            3 |         10 |         10 | 10.0000000000000000
     1 |            6 |          3 |          5 |  4.0000000000000000
     2 |            6 |          1 |          3 |  1.6666666666666667
(3 rows)

-- 测试5: 多次构建测试
SELECT 'Testing multiple index builds' as test_phase;
        test_phase         
---------------------------
 Testing multiple index builds
(1 row)

-- 再次构建索引（应该清理并重建）
SELECT trace_build_index() as second_build_result;
 second_build_result 
---------------------
 (0.004,3,15,48)
(1 row)

-- 验证重建后的数据一致性
SELECT 
    (SELECT COUNT(*) FROM tsdmp_octree_leaf) as octree_count,
    (SELECT COUNT(*) FROM tsdmp_leaf_bucket) as bucket_count,
    (SELECT COUNT(*) FROM tsdmp_bucket_kdleaf) as kdleaf_count;
 octree_count | bucket_count | kdleaf_count 
--------------+--------------+--------------
            3 |           15 |           48
(1 row)

-- 测试完成
SELECT 'Index building tests completed successfully' as final_status;
               final_status                
-------------------------------------------
 Index building tests completed successfully
(1 row)